2026-01-22 20:26:39,265 - INFO - Запуск программы
2026-01-22 20:26:45,393 - INFO - Вызов функции print_hi с аргументом: Алексей
2026-01-22 20:26:45,393 - INFO - Сообщение успешно создано: hi, Алексей
2026-01-22 20:26:45,394 - INFO - Завершение программы
2026-02-01 20:25:45,119 - INFO - Запуск программыыыыыыыыы
2026-02-01 20:25:54,199 - INFO - Вызов функции print_hi с аргументом: def
2026-02-01 20:25:54,200 - INFO - Сообщение успешно создано: hi, def
2026-02-01 20:25:54,200 - INFO - Завершение программы
2026-02-01 20:26:41,034 - INFO - Запуск программы
2026-02-01 21:51:36,354 - INFO - Запуск программы:
2026-02-01 21:52:03,295 - INFO - Запуск программы.
2026-02-01 21:52:14,212 - INFO - Запуск программы.
2026-02-01 21:52:25,016 - INFO - Запуск программы.
2026-02-08 22:38:23,262 - INFO - Запуск программы.
2026-02-08 22:38:31,252 - ERROR - Произошла ошибка: print() got an unexpected keyword argument 'name'
2026-02-08 22:38:31,252 - INFO - Завершение программы
2026-02-08 22:39:25,238 - INFO - Запуск программы.
2026-02-08 22:39:38,630 - INFO - Вызов функции print_hi с аргументом: Alexei
2026-02-08 22:39:38,630 - INFO - Сообщение успешно создано: hi, Alexei
2026-02-08 22:39:38,631 - INFO - Завершение программы
